197.232.61.235 - - [03/Feb/2022:07:07:12 +0000] "GET /assets/fonts/Simple-Line-Icons.woff2?v=2.4.0 HTTP/1.1" 304 0 "http://45.195.7.148:13000/assets/css/icons.css" "Mozilla/5.0 (Windows NT 10.0; Win64; x64) AppleWebKit/537.36 (KHTML, like Gecko) Chrome/97.0.4692.99 Safari/537.36"
197.232.61.235 - - [03/Feb/2022:07:07:12 +0000] "GET /assets/logo.png HTTP/1.1" 304 0 "http://45.195.7.148:13000/teamleaders/techie/dashboard.php" "Mozilla/5.0 (Windows NT 10.0; Win64; x64) AppleWebKit/537.36 (KHTML, like Gecko) Chrome/97.0.4692.99 Safari/537.36"
197.232.61.235 - - [03/Feb/2022:07:07:12 +0000] "GET /assets/plugins/Chart.js/Chart.min.js HTTP/1.1" 304 0 "http://45.195.7.148:13000/teamleaders/techie/dashboard.php" "Mozilla/5.0 (Windows NT 10.0; Win64; x64) AppleWebKit/537.36 (KHTML, like Gecko) Chrome/97.0.4692.99 Safari/537.36"
197.232.61.235 - - [03/Feb/2022:07:07:12 +0000] "GET /assets/images/bg-themes/1.png HTTP/1.1" 304 0 "http://45.195.7.148:13000/assets/css/app-style.css" "Mozilla/5.0 (Windows NT 10.0; Win64; x64) AppleWebKit/537.36 (KHTML, like Gecko) Chrome/97.0.4692.99 Safari/537.36"
197.232.61.235 - - [03/Feb/2022:07:07:13 +0000] "GET /assets/images/bg-themes/2.png HTTP/1.1" 304 0 "http://45.195.7.148:13000/assets/css/app-style.css" "Mozilla/5.0 (Windows NT 10.0; Win64; x64) AppleWebKit/537.36 (KHTML, like Gecko) Chrome/97.0.4692.99 Safari/537.36"
197.232.61.235 - - [03/Feb/2022:07:07:13 +0000] "GET /assets/images/bg-themes/3.png HTTP/1.1" 304 0 "http://45.195.7.148:13000/assets/css/app-style.css" "Mozilla/5.0 (Windows NT 10.0; Win64; x64) AppleWebKit/537.36 (KHTML, like Gecko) Chrome/97.0.4692.99 Safari/537.36"
197.232.61.235 - - [03/Feb/2022:07:07:13 +0000] "GET /assets/js/jquery.loading-indicator.js HTTP/1.1" 404 197 "http://45.195.7.148:13000/teamleaders/techie/dashboard.php" "Mozilla/5.0 (Windows NT 10.0; Win64; x64) AppleWebKit/537.36 (KHTML, like Gecko) Chrome/97.0.4692.99 Safari/537.36"
197.232.61.235 - - [03/Feb/2022:07:07:13 +0000] "GET /assets/images/bg-themes/4.png HTTP/1.1" 304 0 "http://45.195.7.148:13000/assets/css/app-style.css" "Mozilla/5.0 (Windows NT 10.0; Win64; x64) AppleWebKit/537.36 (KHTML, like Gecko) Chrome/97.0.4692.99 Safari/537.36"
197.232.61.235 - - [03/Feb/2022:07:07:13 +0000] "GET /assets/images/bg-themes/6.png HTTP/1.1" 304 0 "http://45.195.7.148:13000/assets/css/app-style.css" "Mozilla/5.0 (Windows NT 10.0; Win64; x64) AppleWebKit/537.36 (KHTML, like Gecko) Chrome/97.0.4692.99 Safari/537.36"
197.232.61.235 - - [03/Feb/2022:07:07:13 +0000] "GET /assets/images/bg-themes/5.png HTTP/1.1" 304 0 "http://45.195.7.148:13000/assets/css/app-style.css" "Mozilla/5.0 (Windows NT 10.0; Win64; x64) AppleWebKit/537.36 (KHTML, like Gecko) Chrome/97.0.4692.99 Safari/537.36"
45.195.7.151 - - [03/Feb/2022:07:07:32 +0000] "GET /teamleaders/techie/retriev.php?techie2=d HTTP/1.1" 200 35 "http://app.sasakonnect.net:13000/teamleaders/techie/new-team.php" "Mozilla/5.0 (Windows NT 10.0; Win64; x64; rv:96.0) Gecko/20100101 Firefox/96.0"
45.195.7.151 - - [03/Feb/2022:07:07:32 +0000] "GET /teamleaders/techie/retriev.php?techie2=du HTTP/1.1" 200 35 "http://app.sasakonnect.net:13000/teamleaders/techie/new-team.php" "Mozilla/5.0 (Windows NT 10.0; Win64; x64; rv:96.0) Gecko/20100101 Firefox/96.0"
45.195.7.151 - - [03/Feb/2022:07:07:33 +0000] "GET /teamleaders/techie/retriev.php?techie2=dun HTTP/1.1" 200 35 "http://app.sasakonnect.net:13000/teamleaders/techie/new-team.php" "Mozilla/5.0 (Windows NT 10.0; Win64; x64; rv:96.0) Gecko/20100101 Firefox/96.0"
45.195.7.151 - - [03/Feb/2022:07:07:33 +0000] "GET /teamleaders/techie/retriev.php?techie2=dunc HTTP/1.1" 200 35 "http://app.sasakonnect.net:13000/teamleaders/techie/new-team.php" "Mozilla/5.0 (Windows NT 10.0; Win64; x64; rv:96.0) Gecko/20100101 Firefox/96.0"
45.195.7.151 - - [03/Feb/2022:07:07:34 +0000] "GET /teamleaders/techie/retriev.php?techie2=dunca HTTP/1.1" 200 35 "http://app.sasakonnect.net:13000/teamleaders/techie/new-team.php" "Mozilla/5.0 (Windows NT 10.0; Win64; x64; rv:96.0) Gecko/20100101 Firefox/96.0"
45.195.7.151 - - [03/Feb/2022:07:07:34 +0000] "GET /teamleaders/techie/retriev.php?techie2=duncan HTTP/1.1" 200 54 "http://app.sasakonnect.net:13000/teamleaders/techie/new-team.php" "Mozilla/5.0 (Windows NT 10.0; Win64; x64; rv:96.0) Gecko/20100101 Firefox/96.0"
45.195.7.151 - - [03/Feb/2022:07:07:34 +0000] "GET /teamleaders/techie/retriev.php?techie2=duncan HTTP/1.1" 200 54 "http://app.sasakonnect.net:13000/teamleaders/techie/new-team.php" "Mozilla/5.0 (Windows NT 10.0; Win64; x64; rv:96.0) Gecko/20100101 Firefox/96.0"
45.195.7.151 - - [03/Feb/2022:07:07:38 +0000] "GET /teamleaders/techie/retriev.php?techie2=duncan%20o HTTP/1.1" 200 35 "http://app.sasakonnect.net:13000/teamleaders/techie/new-team.php" "Mozilla/5.0 (Windows NT 10.0; Win64; x64; rv:96.0) Gecko/20100101 Firefox/96.0"
45.195.7.151 - - [03/Feb/2022:07:07:38 +0000] "GET /teamleaders/techie/retriev.php?techie2=duncan%20oy HTTP/1.1" 200 35 "http://app.sasakonnect.net:13000/teamleaders/techie/new-team.php" "Mozilla/5.0 (Windows NT 10.0; Win64; x64; rv:96.0) Gecko/20100101 Firefox/96.0"
45.195.7.151 - - [03/Feb/2022:07:07:38 +0000] "GET /teamleaders/techie/retriev.php?techie2=duncan%20oyu HTTP/1.1" 200 35 "http://app.sasakonnect.net:13000/teamleaders/techie/new-team.php" "Mozilla/5.0 (Windows NT 10.0; Win64; x64; rv:96.0) Gecko/20100101 Firefox/96.0"
45.195.7.151 - - [03/Feb/2022:07:07:39 +0000] "GET /teamleaders/techie/retriev.php?techie2=duncan%20oyug HTTP/1.1" 200 35 "http://app.sasakonnect.net:13000/teamleaders/techie/new-team.php" "Mozilla/5.0 (Windows NT 10.0; Win64; x64; rv:96.0) Gecko/20100101 Firefox/96.0"
45.195.7.151 - - [03/Feb/2022:07:07:39 +0000] "GET /teamleaders/techie/retriev.php?techie2=duncan%20oyugi HTTP/1.1" 200 35 "http://app.sasakonnect.net:13000/teamleaders/techie/new-team.php" "Mozilla/5.0 (Windows NT 10.0; Win64; x64; rv:96.0) Gecko/20100101 Firefox/96.0"
45.195.7.150 - - [03/Feb/2022:07:08:00 +0000] "POST /techie/papdetails.php?clientid=36 HTTP/1.1" 200 3316 "http://app.sasakonnect.net:13000/techie/papdetails.php?clientid=36" "Mozilla/5.0 (Linux; Android 10; itel W6502 Build/QP1A.190711.020; wv) AppleWebKit/537.36 (KHTML, like Gecko) Version/4.0 Chrome/97.0.4692.98 Mobile Safari/537.36 Lark/5.2.7 LarkLocale/en_US ChannelName/Lark"
45.195.7.150 - - [03/Feb/2022:07:08:05 +0000] "GET /techie/my-task.php HTTP/1.1" 200 3464 "http://app.sasakonnect.net:13000/techie/papdetails.php?clientid=36" "Mozilla/5.0 (Linux; Android 10; itel W6502 Build/QP1A.190711.020; wv) AppleWebKit/537.36 (KHTML, like Gecko) Version/4.0 Chrome/97.0.4692.98 Mobile Safari/537.36 Lark/5.2.7 LarkLocale/en_US ChannelName/Lark"
45.195.7.151 - - [03/Feb/2022:07:08:09 +0000] "POST /teamleaders/techie/new-team.php HTTP/1.1" 200 3883 "http://app.sasakonnect.net:13000/teamleaders/techie/new-team.php" "Mozilla/5.0 (Windows NT 10.0; Win64; x64; rv:96.0) Gecko/20100101 Firefox/96.0"
45.195.7.152 - - [03/Feb/2022:07:08:16 +0000] "GET /index.php HTTP/1.1" 200 2201 "-" "Mozilla/5.0 (Linux; Android 10; M2010J19SG Build/QKQ1.200830.002; wv) AppleWebKit/537.36 (KHTML, like Gecko) Version/4.0 Chrome/97.0.4692.98 Mobile Safari/537.36 Lark/5.2.7 LarkLocale/en_US ChannelName/Lark"
45.195.7.151 - - [03/Feb/2022:07:08:20 +0000] "GET /teamleaders/techie/retrieve.php?techie1=j HTTP/1.1" 200 35 "http://app.sasakonnect.net:13000/teamleaders/techie/new-team.php" "Mozilla/5.0 (Windows NT 10.0; Win64; x64; rv:96.0) Gecko/20100101 Firefox/96.0"
45.195.7.152 - - [03/Feb/2022:07:08:20 +0000] "GET /techie/login.php HTTP/1.1" 200 1620 "http://app.sasakonnect.net:13000/index.php" "Mozilla/5.0 (Linux; Android 10; M2010J19SG Build/QKQ1.200830.002; wv) AppleWebKit/537.36 (KHTML, like Gecko) Version/4.0 Chrome/97.0.4692.98 Mobile Safari/537.36 Lark/5.2.7 LarkLocale/en_US ChannelName/Lark"
45.195.7.151 - - [03/Feb/2022:07:08:20 +0000] "GET /teamleaders/techie/retrieve.php?techie1=ja HTTP/1.1" 200 35 "http://app.sasakonnect.net:13000/teamleaders/techie/new-team.php" "Mozilla/5.0 (Windows NT 10.0; Win64; x64; rv:96.0) Gecko/20100101 Firefox/96.0"
45.195.7.151 - - [03/Feb/2022:07:08:21 +0000] "GET /teamleaders/techie/retrieve.php?techie1=jac HTTP/1.1" 200 35 "http://app.sasakonnect.net:13000/teamleaders/techie/new-team.php" "Mozilla/5.0 (Windows NT 10.0; Win64; x64; rv:96.0) Gecko/20100101 Firefox/96.0"
45.195.7.151 - - [03/Feb/2022:07:08:21 +0000] "GET /teamleaders/techie/retrieve.php?techie1=jack HTTP/1.1" 200 35 "http://app.sasakonnect.net:13000/teamleaders/techie/new-team.php" "Mozilla/5.0 (Windows NT 10.0; Win64; x64; rv:96.0) Gecko/20100101 Firefox/96.0"
45.195.7.151 - - [03/Feb/2022:07:08:21 +0000] "GET /teamleaders/techie/retrieve.php?techie1=jacks HTTP/1.1" 200 35 "http://app.sasakonnect.net:13000/teamleaders/techie/new-team.php" "Mozilla/5.0 (Windows NT 10.0; Win64; x64; rv:96.0) Gecko/20100101 Firefox/96.0"
45.195.7.151 - - [03/Feb/2022:07:08:22 +0000] "GET /teamleaders/techie/retrieve.php?techie1=jackso HTTP/1.1" 200 35 "http://app.sasakonnect.net:13000/teamleaders/techie/new-team.php" "Mozilla/5.0 (Windows NT 10.0; Win64; x64; rv:96.0) Gecko/20100101 Firefox/96.0"
45.195.7.151 - - [03/Feb/2022:07:08:22 +0000] "GET /teamleaders/techie/retrieve.php?techie1=jackson HTTP/1.1" 200 58 "http://app.sasakonnect.net:13000/teamleaders/techie/new-team.php" "Mozilla/5.0 (Windows NT 10.0; Win64; x64; rv:96.0) Gecko/20100101 Firefox/96.0"
45.195.7.151 - - [03/Feb/2022:07:08:23 +0000] "GET /teamleaders/techie/retrieve.php?techie1=jackson HTTP/1.1" 200 58 "http://app.sasakonnect.net:13000/teamleaders/techie/new-team.php" "Mozilla/5.0 (Windows NT 10.0; Win64; x64; rv:96.0) Gecko/20100101 Firefox/96.0"
45.195.7.151 - - [03/Feb/2022:07:08:24 +0000] "GET /teamleaders/techie/retrieve.php?techie1=jackson%20w HTTP/1.1" 200 35 "http://app.sasakonnect.net:13000/teamleaders/techie/new-team.php" "Mozilla/5.0 (Windows NT 10.0; Win64; x64; rv:96.0) Gecko/20100101 Firefox/96.0"
45.195.7.151 - - [03/Feb/2022:07:08:25 +0000] "GET /teamleaders/techie/retrieve.php?techie1=jackson%20wa HTTP/1.1" 200 35 "http://app.sasakonnect.net:13000/teamleaders/techie/new-team.php" "Mozilla/5.0 (Windows NT 10.0; Win64; x64; rv:96.0) Gecko/20100101 Firefox/96.0"
45.195.7.151 - - [03/Feb/2022:07:08:26 +0000] "GET /teamleaders/techie/retrieve.php?techie1=jackson%20wai HTTP/1.1" 200 35 "http://app.sasakonnect.net:13000/teamleaders/techie/new-team.php" "Mozilla/5.0 (Windows NT 10.0; Win64; x64; rv:96.0) Gecko/20100101 Firefox/96.0"
45.195.7.151 - - [03/Feb/2022:07:08:26 +0000] "GET /teamleaders/techie/retrieve.php?techie1=jackson%20wain HTTP/1.1" 200 35 "http://app.sasakonnect.net:13000/teamleaders/techie/new-team.php" "Mozilla/5.0 (Windows NT 10.0; Win64; x64; rv:96.0) Gecko/20100101 Firefox/96.0"
45.195.7.151 - - [03/Feb/2022:07:08:27 +0000] "GET /teamleaders/techie/retrieve.php?techie1=jackson%20waina HTTP/1.1" 200 35 "http://app.sasakonnect.net:13000/teamleaders/techie/new-team.php" "Mozilla/5.0 (Windows NT 10.0; Win64; x64; rv:96.0) Gecko/20100101 Firefox/96.0"
45.195.7.151 - - [03/Feb/2022:07:08:27 +0000] "GET /teamleaders/techie/retrieve.php?techie1=jackson%20wainai HTTP/1.1" 200 35 "http://app.sasakonnect.net:13000/teamleaders/techie/new-team.php" "Mozilla/5.0 (Windows NT 10.0; Win64; x64; rv:96.0) Gecko/20100101 Firefox/96.0"
45.195.7.151 - - [03/Feb/2022:07:08:27 +0000] "GET /teamleaders/techie/retrieve.php?techie1=jackson%20wainain HTTP/1.1" 200 35 "http://app.sasakonnect.net:13000/teamleaders/techie/new-team.php" "Mozilla/5.0 (Windows NT 10.0; Win64; x64; rv:96.0) Gecko/20100101 Firefox/96.0"
45.195.7.151 - - [03/Feb/2022:07:08:28 +0000] "GET /teamleaders/techie/retrieve.php?techie1=jackson%20wainaina HTTP/1.1" 200 35 "http://app.sasakonnect.net:13000/teamleaders/techie/new-team.php" "Mozilla/5.0 (Windows NT 10.0; Win64; x64; rv:96.0) Gecko/20100101 Firefox/96.0"
197.232.61.235 - - [03/Feb/2022:07:08:30 +0000] "GET /index.php HTTP/1.1" 200 2201 "-" "Mozilla/5.0 (Windows NT 10.0; Win64; x64) AppleWebKit/537.36 (KHTML, like Gecko) Chrome/97.0.4692.99 Safari/537.36"
197.232.61.235 - - [03/Feb/2022:07:08:31 +0000] "GET /assets/logo.png HTTP/1.1" 304 0 "http://45.195.7.148:13000/index.php" "Mozilla/5.0 (Windows NT 10.0; Win64; x64) AppleWebKit/537.36 (KHTML, like Gecko) Chrome/97.0.4692.99 Safari/537.36"
197.232.61.235 - - [03/Feb/2022:07:08:32 +0000] "GET /assets/techie.png HTTP/1.1" 304 0 "http://45.195.7.148:13000/index.php" "Mozilla/5.0 (Windows NT 10.0; Win64; x64) AppleWebKit/537.36 (KHTML, like Gecko) Chrome/97.0.4692.99 Safari/537.36"
197.232.61.235 - - [03/Feb/2022:07:08:34 +0000] "GET /admin/login.php HTTP/1.1" 200 1509 "http://45.195.7.148:13000/index.php" "Mozilla/5.0 (Windows NT 10.0; Win64; x64) AppleWebKit/537.36 (KHTML, like Gecko) Chrome/97.0.4692.99 Safari/537.36"
197.232.61.235 - - [03/Feb/2022:07:08:34 +0000] "GET /assets/css/bootstrap.min.css HTTP/1.1" 304 0 "http://45.195.7.148:13000/admin/login.php" "Mozilla/5.0 (Windows NT 10.0; Win64; x64) AppleWebKit/537.36 (KHTML, like Gecko) Chrome/97.0.4692.99 Safari/537.36"
197.232.61.235 - - [03/Feb/2022:07:08:34 +0000] "GET /assets/css/animate.css HTTP/1.1" 304 0 "http://45.195.7.148:13000/admin/login.php" "Mozilla/5.0 (Windows NT 10.0; Win64; x64) AppleWebKit/537.36 (KHTML, like Gecko) Chrome/97.0.4692.99 Safari/537.36"
197.232.61.235 - - [03/Feb/2022:07:08:34 +0000] "GET /assets/css/icons.css HTTP/1.1" 304 0 "http://45.195.7.148:13000/admin/login.php" "Mozilla/5.0 (Windows NT 10.0; Win64; x64) AppleWebKit/537.36 (KHTML, like Gecko) Chrome/97.0.4692.99 Safari/537.36"
197.232.61.235 - - [03/Feb/2022:07:08:34 +0000] "GET /assets/css/app-style.css HTTP/1.1" 304 0 "http://45.195.7.148:13000/admin/login.php" "Mozilla/5.0 (Windows NT 10.0; Win64; x64) AppleWebKit/537.36 (KHTML, like Gecko) Chrome/97.0.4692.99 Safari/537.36"
197.232.61.235 - - [03/Feb/2022:07:08:34 +0000] "GET /assets/js/popper.min.js HTTP/1.1" 304 0 "http://45.195.7.148:13000/admin/login.php" "Mozilla/5.0 (Windows NT 10.0; Win64; x64) AppleWebKit/537.36 (KHTML, like Gecko) Chrome/97.0.4692.99 Safari/537.36"
197.232.61.235 - - [03/Feb/2022:07:08:34 +0000] "GET /assets/js/jquery.min.js HTTP/1.1" 304 0 "http://45.195.7.148:13000/admin/login.php" "Mozilla/5.0 (Windows NT 10.0; Win64; x64) AppleWebKit/537.36 (KHTML, like Gecko) Chrome/97.0.4692.99 Safari/537.36"
197.232.61.235 - - [03/Feb/2022:07:08:35 +0000] "GET /assets/js/bootstrap.min.js HTTP/1.1" 304 0 "http://45.195.7.148:13000/admin/login.php" "Mozilla/5.0 (Windows NT 10.0; Win64; x64) AppleWebKit/537.36 (KHTML, like Gecko) Chrome/97.0.4692.99 Safari/537.36"
197.232.61.235 - - [03/Feb/2022:07:08:35 +0000] "GET /assets/js/sidebar-menu.js HTTP/1.1" 304 0 "http://45.195.7.148:13000/admin/login.php" "Mozilla/5.0 (Windows NT 10.0; Win64; x64) AppleWebKit/537.36 (KHTML, like Gecko) Chrome/97.0.4692.99 Safari/537.36"
197.232.61.235 - - [03/Feb/2022:07:08:35 +0000] "GET /assets/js/app-script.js HTTP/1.1" 304 0 "http://45.195.7.148:13000/admin/login.php" "Mozilla/5.0 (Windows NT 10.0; Win64; x64) AppleWebKit/537.36 (KHTML, like Gecko) Chrome/97.0.4692.99 Safari/537.36"
197.232.61.235 - - [03/Feb/2022:07:08:35 +0000] "GET /assets/login.png HTTP/1.1" 304 0 "http://45.195.7.148:13000/admin/login.php" "Mozilla/5.0 (Windows NT 10.0; Win64; x64) AppleWebKit/537.36 (KHTML, like Gecko) Chrome/97.0.4692.99 Safari/537.36"
197.232.61.235 - - [03/Feb/2022:07:08:38 +0000] "GET /assets/fonts/fontawesome-webfont.woff2?v=4.7.0 HTTP/1.1" 304 0 "http://45.195.7.148:13000/assets/css/icons.css" "Mozilla/5.0 (Windows NT 10.0; Win64; x64) AppleWebKit/537.36 (KHTML, like Gecko) Chrome/97.0.4692.99 Safari/537.36"
197.232.61.235 - - [03/Feb/2022:07:08:38 +0000] "GET /assets/fonts/Material-Design-Iconic-Font.woff2?v=2.2.0 HTTP/1.1" 304 0 "http://45.195.7.148:13000/assets/css/icons.css" "Mozilla/5.0 (Windows NT 10.0; Win64; x64) AppleWebKit/537.36 (KHTML, like Gecko) Chrome/97.0.4692.99 Safari/537.36"
197.232.61.235 - - [03/Feb/2022:07:08:38 +0000] "GET /assets/images/bg-themes/1.png HTTP/1.1" 304 0 "http://45.195.7.148:13000/assets/css/app-style.css" "Mozilla/5.0 (Windows NT 10.0; Win64; x64) AppleWebKit/537.36 (KHTML, like Gecko) Chrome/97.0.4692.99 Safari/537.36"
197.232.61.235 - - [03/Feb/2022:07:08:38 +0000] "GET /assets/images/bg-themes/3.png HTTP/1.1" 304 0 "http://45.195.7.148:13000/assets/css/app-style.css" "Mozilla/5.0 (Windows NT 10.0; Win64; x64) AppleWebKit/537.36 (KHTML, like Gecko) Chrome/97.0.4692.99 Safari/537.36"
197.232.61.235 - - [03/Feb/2022:07:08:38 +0000] "GET /assets/images/bg-themes/2.png HTTP/1.1" 304 0 "http://45.195.7.148:13000/assets/css/app-style.css" "Mozilla/5.0 (Windows NT 10.0; Win64; x64) AppleWebKit/537.36 (KHTML, like Gecko) Chrome/97.0.4692.99 Safari/537.36"
197.232.61.235 - - [03/Feb/2022:07:08:38 +0000] "GET /assets/images/bg-themes/4.png HTTP/1.1" 304 0 "http://45.195.7.148:13000/assets/css/app-style.css" "Mozilla/5.0 (Windows NT 10.0; Win64; x64) AppleWebKit/537.36 (KHTML, like Gecko) Chrome/97.0.4692.99 Safari/537.36"
197.232.61.235 - - [03/Feb/2022:07:08:39 +0000] "GET /assets/images/bg-themes/5.png HTTP/1.1" 304 0 "http://45.195.7.148:13000/assets/css/app-style.css" "Mozilla/5.0 (Windows NT 10.0; Win64; x64) AppleWebKit/537.36 (KHTML, like Gecko) Chrome/97.0.4692.99 Safari/537.36"
197.232.61.235 - - [03/Feb/2022:07:08:39 +0000] "GET /assets/images/bg-themes/6.png HTTP/1.1" 304 0 "http://45.195.7.148:13000/assets/css/app-style.css" "Mozilla/5.0 (Windows NT 10.0; Win64; x64) AppleWebKit/537.36 (KHTML, like Gecko) Chrome/97.0.4692.99 Safari/537.36"
45.195.7.152 - - [03/Feb/2022:07:08:39 +0000] "POST /techie/login.php HTTP/1.1" 302 4896 "http://app.sasakonnect.net:13000/techie/login.php" "Mozilla/5.0 (Linux; Android 10; M2010J19SG Build/QKQ1.200830.002; wv) AppleWebKit/537.36 (KHTML, like Gecko) Version/4.0 Chrome/97.0.4692.98 Mobile Safari/537.36 Lark/5.2.7 LarkLocale/en_US ChannelName/Lark"
45.195.7.152 - - [03/Feb/2022:07:08:40 +0000] "GET /techie/TechieDashboard.php HTTP/1.1" 200 4523 "http://app.sasakonnect.net:13000/techie/login.php" "Mozilla/5.0 (Linux; Android 10; M2010J19SG Build/QKQ1.200830.002; wv) AppleWebKit/537.36 (KHTML, like Gecko) Version/4.0 Chrome/97.0.4692.98 Mobile Safari/537.36 Lark/5.2.7 LarkLocale/en_US ChannelName/Lark"
45.195.7.152 - - [03/Feb/2022:07:08:41 +0000] "GET /assets/plugins/vectormap/jquery-jvectormap-2.0.2.css HTTP/1.1" 404 197 "http://app.sasakonnect.net:13000/techie/TechieDashboard.php" "Mozilla/5.0 (Linux; Android 10; M2010J19SG Build/QKQ1.200830.002; wv) AppleWebKit/537.36 (KHTML, like Gecko) Version/4.0 Chrome/97.0.4692.98 Mobile Safari/537.36 Lark/5.2.7 LarkLocale/en_US ChannelName/Lark"
45.195.7.152 - - [03/Feb/2022:07:08:41 +0000] "GET /assets/js/jquery.loading-indicator.js HTTP/1.1" 404 197 "http://app.sasakonnect.net:13000/techie/TechieDashboard.php" "Mozilla/5.0 (Linux; Android 10; M2010J19SG Build/QKQ1.200830.002; wv) AppleWebKit/537.36 (KHTML, like Gecko) Version/4.0 Chrome/97.0.4692.98 Mobile Safari/537.36 Lark/5.2.7 LarkLocale/en_US ChannelName/Lark"
45.195.7.152 - - [03/Feb/2022:07:08:41 +0000] "GET /assets/js/jquery.loading-indicator.js HTTP/1.1" 404 197 "http://app.sasakonnect.net:13000/techie/TechieDashboard.php" "Mozilla/5.0 (Linux; Android 10; M2010J19SG Build/QKQ1.200830.002; wv) AppleWebKit/537.36 (KHTML, like Gecko) Version/4.0 Chrome/97.0.4692.98 Mobile Safari/537.36 Lark/5.2.7 LarkLocale/en_US ChannelName/Lark"
45.195.7.151 - - [03/Feb/2022:07:08:45 +0000] "GET /teamleaders/techie/retriev.php?techie2=j HTTP/1.1" 200 35 "http://app.sasakonnect.net:13000/teamleaders/techie/new-team.php" "Mozilla/5.0 (Windows NT 10.0; Win64; x64; rv:96.0) Gecko/20100101 Firefox/96.0"
45.195.7.151 - - [03/Feb/2022:07:08:45 +0000] "GET /teamleaders/techie/retriev.php?techie2=ja HTTP/1.1" 200 35 "http://app.sasakonnect.net:13000/teamleaders/techie/new-team.php" "Mozilla/5.0 (Windows NT 10.0; Win64; x64; rv:96.0) Gecko/20100101 Firefox/96.0"
45.195.7.151 - - [03/Feb/2022:07:08:45 +0000] "GET /teamleaders/techie/retriev.php?techie2=jac HTTP/1.1" 200 35 "http://app.sasakonnect.net:13000/teamleaders/techie/new-team.php" "Mozilla/5.0 (Windows NT 10.0; Win64; x64; rv:96.0) Gecko/20100101 Firefox/96.0"
45.195.7.151 - - [03/Feb/2022:07:08:46 +0000] "GET /teamleaders/techie/retriev.php?techie2=jack HTTP/1.1" 200 35 "http://app.sasakonnect.net:13000/teamleaders/techie/new-team.php" "Mozilla/5.0 (Windows NT 10.0; Win64; x64; rv:96.0) Gecko/20100101 Firefox/96.0"
45.195.7.152 - - [03/Feb/2022:07:08:46 +0000] "GET /techie/my-task.php HTTP/1.1" 200 3463 "http://app.sasakonnect.net:13000/techie/TechieDashboard.php" "Mozilla/5.0 (Linux; Android 10; M2010J19SG Build/QKQ1.200830.002; wv) AppleWebKit/537.36 (KHTML, like Gecko) Version/4.0 Chrome/97.0.4692.98 Mobile Safari/537.36 Lark/5.2.7 LarkLocale/en_US ChannelName/Lark"
45.195.7.151 - - [03/Feb/2022:07:08:46 +0000] "GET /teamleaders/techie/retriev.php?techie2=jacks HTTP/1.1" 200 35 "http://app.sasakonnect.net:13000/teamleaders/techie/new-team.php" "Mozilla/5.0 (Windows NT 10.0; Win64; x64; rv:96.0) Gecko/20100101 Firefox/96.0"
45.195.7.151 - - [03/Feb/2022:07:08:46 +0000] "GET /teamleaders/techie/retriev.php?techie2=jackso HTTP/1.1" 200 35 "http://app.sasakonnect.net:13000/teamleaders/techie/new-team.php" "Mozilla/5.0 (Windows NT 10.0; Win64; x64; rv:96.0) Gecko/20100101 Firefox/96.0"
45.195.7.151 - - [03/Feb/2022:07:08:47 +0000] "GET /teamleaders/techie/retriev.php?techie2=jackson HTTP/1.1" 200 58 "http://app.sasakonnect.net:13000/teamleaders/techie/new-team.php" "Mozilla/5.0 (Windows NT 10.0; Win64; x64; rv:96.0) Gecko/20100101 Firefox/96.0"
45.195.7.151 - - [03/Feb/2022:07:08:47 +0000] "GET /teamleaders/techie/retriev.php?techie2=jackson HTTP/1.1" 200 58 "http://app.sasakonnect.net:13000/teamleaders/techie/new-team.php" "Mozilla/5.0 (Windows NT 10.0; Win64; x64; rv:96.0) Gecko/20100101 Firefox/96.0"
45.195.7.152 - - [03/Feb/2022:07:08:48 +0000] "GET /techie/my-task.php HTTP/1.1" 200 3463 "http://app.sasakonnect.net:13000/techie/TechieDashboard.php" "Mozilla/5.0 (Linux; Android 10; M2010J19SG Build/QKQ1.200830.002; wv) AppleWebKit/537.36 (KHTML, like Gecko) Version/4.0 Chrome/97.0.4692.98 Mobile Safari/537.36 Lark/5.2.7 LarkLocale/en_US ChannelName/Lark"
197.232.61.235 - - [03/Feb/2022:07:08:48 +0000] "POST /admin/login.php HTTP/1.1" 302 4424 "http://45.195.7.148:13000/admin/login.php" "Mozilla/5.0 (Windows NT 10.0; Win64; x64) AppleWebKit/537.36 (KHTML, like Gecko) Chrome/97.0.4692.99 Safari/537.36"
45.195.7.151 - - [03/Feb/2022:07:08:48 +0000] "GET /teamleaders/techie/retriev.php?techie2=jackson%20m HTTP/1.1" 200 35 "http://app.sasakonnect.net:13000/teamleaders/techie/new-team.php" "Mozilla/5.0 (Windows NT 10.0; Win64; x64; rv:96.0) Gecko/20100101 Firefox/96.0"
197.232.61.235 - - [03/Feb/2022:07:08:48 +0000] "GET /admin/dashboard.php HTTP/1.1" 200 5106 "http://45.195.7.148:13000/admin/login.php" "Mozilla/5.0 (Windows NT 10.0; Win64; x64) AppleWebKit/537.36 (KHTML, like Gecko) Chrome/97.0.4692.99 Safari/537.36"
45.195.7.151 - - [03/Feb/2022:07:08:48 +0000] "GET /teamleaders/techie/retriev.php?techie2=jackson%20ma HTTP/1.1" 200 35 "http://app.sasakonnect.net:13000/teamleaders/techie/new-team.php" "Mozilla/5.0 (Windows NT 10.0; Win64; x64; rv:96.0) Gecko/20100101 Firefox/96.0"
197.232.61.235 - - [03/Feb/2022:07:08:48 +0000] "GET /assets/css/bootstrap.min.css HTTP/1.1" 304 0 "http://45.195.7.148:13000/admin/dashboard.php" "Mozilla/5.0 (Windows NT 10.0; Win64; x64) AppleWebKit/537.36 (KHTML, like Gecko) Chrome/97.0.4692.99 Safari/537.36"
197.232.61.235 - - [03/Feb/2022:07:08:48 +0000] "GET /assets/plugins/vectormap/jquery-jvectormap-2.0.2.css HTTP/1.1" 404 197 "http://45.195.7.148:13000/admin/dashboard.php" "Mozilla/5.0 (Windows NT 10.0; Win64; x64) AppleWebKit/537.36 (KHTML, like Gecko) Chrome/97.0.4692.99 Safari/537.36"
197.232.61.235 - - [03/Feb/2022:07:08:48 +0000] "GET /assets/plugins/simplebar/css/simplebar.css HTTP/1.1" 304 0 "http://45.195.7.148:13000/admin/dashboard.php" "Mozilla/5.0 (Windows NT 10.0; Win64; x64) AppleWebKit/537.36 (KHTML, like Gecko) Chrome/97.0.4692.99 Safari/537.36"
197.232.61.235 - - [03/Feb/2022:07:08:48 +0000] "GET /assets/css/icons.css HTTP/1.1" 304 0 "http://45.195.7.148:13000/admin/dashboard.php" "Mozilla/5.0 (Windows NT 10.0; Win64; x64) AppleWebKit/537.36 (KHTML, like Gecko) Chrome/97.0.4692.99 Safari/537.36"
197.232.61.235 - - [03/Feb/2022:07:08:48 +0000] "GET /assets/css/animate.css HTTP/1.1" 304 0 "http://45.195.7.148:13000/admin/dashboard.php" "Mozilla/5.0 (Windows NT 10.0; Win64; x64) AppleWebKit/537.36 (KHTML, like Gecko) Chrome/97.0.4692.99 Safari/537.36"
197.232.61.235 - - [03/Feb/2022:07:08:48 +0000] "GET /assets/css/sidebar-menu.css HTTP/1.1" 304 0 "http://45.195.7.148:13000/admin/dashboard.php" "Mozilla/5.0 (Windows NT 10.0; Win64; x64) AppleWebKit/537.36 (KHTML, like Gecko) Chrome/97.0.4692.99 Safari/537.36"
197.232.61.235 - - [03/Feb/2022:07:08:48 +0000] "GET /assets/css/app-style.css HTTP/1.1" 304 0 "http://45.195.7.148:13000/admin/dashboard.php" "Mozilla/5.0 (Windows NT 10.0; Win64; x64) AppleWebKit/537.36 (KHTML, like Gecko) Chrome/97.0.4692.99 Safari/537.36"
197.232.61.235 - - [03/Feb/2022:07:08:48 +0000] "GET /assets/js/popper.min.js HTTP/1.1" 304 0 "http://45.195.7.148:13000/admin/dashboard.php" "Mozilla/5.0 (Windows NT 10.0; Win64; x64) AppleWebKit/537.36 (KHTML, like Gecko) Chrome/97.0.4692.99 Safari/537.36"
197.232.61.235 - - [03/Feb/2022:07:08:48 +0000] "GET /assets/js/bootstrap.min.js HTTP/1.1" 304 0 "http://45.195.7.148:13000/admin/dashboard.php" "Mozilla/5.0 (Windows NT 10.0; Win64; x64) AppleWebKit/537.36 (KHTML, like Gecko) Chrome/97.0.4692.99 Safari/537.36"
197.232.61.235 - - [03/Feb/2022:07:08:48 +0000] "GET /assets/plugins/simplebar/js/simplebar.js HTTP/1.1" 304 0 "http://45.195.7.148:13000/admin/dashboard.php" "Mozilla/5.0 (Windows NT 10.0; Win64; x64) AppleWebKit/537.36 (KHTML, like Gecko) Chrome/97.0.4692.99 Safari/537.36"
197.232.61.235 - - [03/Feb/2022:07:08:48 +0000] "GET /assets/js/jquery.loading-indicator.js HTTP/1.1" 404 197 "http://45.195.7.148:13000/admin/dashboard.php" "Mozilla/5.0 (Windows NT 10.0; Win64; x64) AppleWebKit/537.36 (KHTML, like Gecko) Chrome/97.0.4692.99 Safari/537.36"
197.232.61.235 - - [03/Feb/2022:07:08:48 +0000] "GET /assets/js/sidebar-menu.js HTTP/1.1" 304 0 "http://45.195.7.148:13000/admin/dashboard.php" "Mozilla/5.0 (Windows NT 10.0; Win64; x64) AppleWebKit/537.36 (KHTML, like Gecko) Chrome/97.0.4692.99 Safari/537.36"
197.232.61.235 - - [03/Feb/2022:07:08:48 +0000] "GET /assets/js/app-script.js HTTP/1.1" 304 0 "http://45.195.7.148:13000/admin/dashboard.php" "Mozilla/5.0 (Windows NT 10.0; Win64; x64) AppleWebKit/537.36 (KHTML, like Gecko) Chrome/97.0.4692.99 Safari/537.36"
197.232.61.235 - - [03/Feb/2022:07:08:48 +0000] "GET /assets/plugins/Chart.js/Chart.min.js HTTP/1.1" 304 0 "http://45.195.7.148:13000/admin/dashboard.php" "Mozilla/5.0 (Windows NT 10.0; Win64; x64) AppleWebKit/537.36 (KHTML, like Gecko) Chrome/97.0.4692.99 Safari/537.36"
197.232.61.235 - - [03/Feb/2022:07:08:48 +0000] "GET /assets/logo.png HTTP/1.1" 304 0 "http://45.195.7.148:13000/admin/dashboard.php" "Mozilla/5.0 (Windows NT 10.0; Win64; x64) AppleWebKit/537.36 (KHTML, like Gecko) Chrome/97.0.4692.99 Safari/537.36"
45.195.7.152 - - [03/Feb/2022:07:08:49 +0000] "GET /techie/my-task.php HTTP/1.1" 200 3463 "http://app.sasakonnect.net:13000/techie/TechieDashboard.php" "Mozilla/5.0 (Linux; Android 10; M2010J19SG Build/QKQ1.200830.002; wv) AppleWebKit/537.36 (KHTML, like Gecko) Version/4.0 Chrome/97.0.4692.98 Mobile Safari/537.36 Lark/5.2.7 LarkLocale/en_US ChannelName/Lark"
197.232.61.235 - - [03/Feb/2022:07:08:49 +0000] "GET /assets/images/bg-themes/3.png HTTP/1.1" 304 0 "http://45.195.7.148:13000/assets/css/app-style.css" "Mozilla/5.0 (Windows NT 10.0; Win64; x64) AppleWebKit/537.36 (KHTML, like Gecko) Chrome/97.0.4692.99 Safari/537.36"
197.232.61.235 - - [03/Feb/2022:07:08:49 +0000] "GET /assets/images/bg-themes/1.png HTTP/1.1" 304 0 "http://45.195.7.148:13000/assets/css/app-style.css" "Mozilla/5.0 (Windows NT 10.0; Win64; x64) AppleWebKit/537.36 (KHTML, like Gecko) Chrome/97.0.4692.99 Safari/537.36"
197.232.61.235 - - [03/Feb/2022:07:08:49 +0000] "GET /assets/images/bg-themes/2.png HTTP/1.1" 304 0 "http://45.195.7.148:13000/assets/css/app-style.css" "Mozilla/5.0 (Windows NT 10.0; Win64; x64) AppleWebKit/537.36 (KHTML, like Gecko) Chrome/97.0.4692.99 Safari/537.36"
197.232.61.235 - - [03/Feb/2022:07:08:49 +0000] "GET /assets/images/bg-themes/4.png HTTP/1.1" 304 0 "http://45.195.7.148:13000/assets/css/app-style.css" "Mozilla/5.0 (Windows NT 10.0; Win64; x64) AppleWebKit/537.36 (KHTML, like Gecko) Chrome/97.0.4692.99 Safari/537.36"
197.232.61.235 - - [03/Feb/2022:07:08:49 +0000] "GET /assets/images/bg-themes/5.png HTTP/1.1" 304 0 "http://45.195.7.148:13000/assets/css/app-style.css" "Mozilla/5.0 (Windows NT 10.0; Win64; x64) AppleWebKit/537.36 (KHTML, like Gecko) Chrome/97.0.4692.99 Safari/537.36"
197.232.61.235 - - [03/Feb/2022:07:08:49 +0000] "GET /assets/images/bg-themes/6.png HTTP/1.1" 304 0 "http://45.195.7.148:13000/assets/css/app-style.css" "Mozilla/5.0 (Windows NT 10.0; Win64; x64) AppleWebKit/537.36 (KHTML, like Gecko) Chrome/97.0.4692.99 Safari/537.36"
197.232.61.235 - - [03/Feb/2022:07:08:49 +0000] "GET /assets/fonts/Material-Design-Iconic-Font.woff2?v=2.2.0 HTTP/1.1" 304 0 "http://45.195.7.148:13000/assets/css/icons.css" "Mozilla/5.0 (Windows NT 10.0; Win64; x64) AppleWebKit/537.36 (KHTML, like Gecko) Chrome/97.0.4692.99 Safari/537.36"
197.232.61.235 - - [03/Feb/2022:07:08:49 +0000] "GET /assets/fonts/fontawesome-webfont.woff2?v=4.7.0 HTTP/1.1" 304 0 "http://45.195.7.148:13000/assets/css/icons.css" "Mozilla/5.0 (Windows NT 10.0; Win64; x64) AppleWebKit/537.36 (KHTML, like Gecko) Chrome/97.0.4692.99 Safari/537.36"
197.232.61.235 - - [03/Feb/2022:07:08:49 +0000] "GET /assets/fonts/Simple-Line-Icons.woff2?v=2.4.0 HTTP/1.1" 304 0 "http://45.195.7.148:13000/assets/css/icons.css" "Mozilla/5.0 (Windows NT 10.0; Win64; x64) AppleWebKit/537.36 (KHTML, like Gecko) Chrome/97.0.4692.99 Safari/537.36"
45.195.7.151 - - [03/Feb/2022:07:08:49 +0000] "GET /teamleaders/techie/retriev.php?techie2=jackson%20mai HTTP/1.1" 200 35 "http://app.sasakonnect.net:13000/teamleaders/techie/new-team.php" "Mozilla/5.0 (Windows NT 10.0; Win64; x64; rv:96.0) Gecko/20100101 Firefox/96.0"
197.232.61.235 - - [03/Feb/2022:07:08:49 +0000] "GET /assets/js/jquery.loading-indicator.js HTTP/1.1" 404 197 "http://45.195.7.148:13000/admin/dashboard.php" "Mozilla/5.0 (Windows NT 10.0; Win64; x64) AppleWebKit/537.36 (KHTML, like Gecko) Chrome/97.0.4692.99 Safari/537.36"
45.195.7.151 - - [03/Feb/2022:07:08:49 +0000] "GET /teamleaders/techie/retriev.php?techie2=jackson%20main HTTP/1.1" 200 35 "http://app.sasakonnect.net:13000/teamleaders/techie/new-team.php" "Mozilla/5.0 (Windows NT 10.0; Win64; x64; rv:96.0) Gecko/20100101 Firefox/96.0"
45.195.7.152 - - [03/Feb/2022:07:08:49 +0000] "GET /assets/images/favicon.png HTTP/1.1" 404 197 "http://app.sasakonnect.net:13000/techie/my-task.php" "Mozilla/5.0 (Linux; Android 10; M2010J19SG Build/QKQ1.200830.002; wv) AppleWebKit/537.36 (KHTML, like Gecko) Version/4.0 Chrome/97.0.4692.98 Mobile Safari/537.36 Lark/5.2.7 LarkLocale/en_US ChannelName/Lark"
45.195.7.151 - - [03/Feb/2022:07:08:49 +0000] "GET /teamleaders/techie/retriev.php?techie2=jackson%20maina HTTP/1.1" 200 35 "http://app.sasakonnect.net:13000/teamleaders/techie/new-team.php" "Mozilla/5.0 (Windows NT 10.0; Win64; x64; rv:96.0) Gecko/20100101 Firefox/96.0"
197.232.61.235 - - [03/Feb/2022:07:08:57 +0000] "GET /assets/plugins/simplebar/css/simplebar.css HTTP/1.1" 304 0 "http://45.195.7.148:13000/admin/gallery.php" "Mozilla/5.0 (Windows NT 10.0; Win64; x64) AppleWebKit/537.36 (KHTML, like Gecko) Chrome/97.0.4692.99 Safari/537.36"
197.232.61.235 - - [03/Feb/2022:07:08:57 +0000] "GET /assets/css/bootstrap.min.css HTTP/1.1" 304 0 "http://45.195.7.148:13000/admin/gallery.php" "Mozilla/5.0 (Windows NT 10.0; Win64; x64) AppleWebKit/537.36 (KHTML, like Gecko) Chrome/97.0.4692.99 Safari/537.36"
197.232.61.235 - - [03/Feb/2022:07:08:57 +0000] "GET /assets/css/animate.css HTTP/1.1" 304 0 "http://45.195.7.148:13000/admin/gallery.php" "Mozilla/5.0 (Windows NT 10.0; Win64; x64) AppleWebKit/537.36 (KHTML, like Gecko) Chrome/97.0.4692.99 Safari/537.36"
197.232.61.235 - - [03/Feb/2022:07:08:57 +0000] "GET /assets/css/icons.css HTTP/1.1" 304 0 "http://45.195.7.148:13000/admin/gallery.php" "Mozilla/5.0 (Windows NT 10.0; Win64; x64) AppleWebKit/537.36 (KHTML, like Gecko) Chrome/97.0.4692.99 Safari/537.36"
197.232.61.235 - - [03/Feb/2022:07:08:57 +0000] "GET /assets/css/sidebar-menu.css HTTP/1.1" 304 0 "http://45.195.7.148:13000/admin/gallery.php" "Mozilla/5.0 (Windows NT 10.0; Win64; x64) AppleWebKit/537.36 (KHTML, like Gecko) Chrome/97.0.4692.99 Safari/537.36"
197.232.61.235 - - [03/Feb/2022:07:08:57 +0000] "GET /assets/css/app-style.css HTTP/1.1" 304 0 "http://45.195.7.148:13000/admin/gallery.php" "Mozilla/5.0 (Windows NT 10.0; Win64; x64) AppleWebKit/537.36 (KHTML, like Gecko) Chrome/97.0.4692.99 Safari/537.36"
197.232.61.235 - - [03/Feb/2022:07:08:57 +0000] "GET /assets/logo.png HTTP/1.1" 304 0 "http://45.195.7.148:13000/admin/gallery.php" "Mozilla/5.0 (Windows NT 10.0; Win64; x64) AppleWebKit/537.36 (KHTML, like Gecko) Chrome/97.0.4692.99 Safari/537.36"
197.232.61.235 - - [03/Feb/2022:07:08:57 +0000] "GET /assets/fonts/Material-Design-Iconic-Font.woff2?v=2.2.0 HTTP/1.1" 304 0 "http://45.195.7.148:13000/assets/css/icons.css" "Mozilla/5.0 (Windows NT 10.0; Win64; x64) AppleWebKit/537.36 (KHTML, like Gecko) Chrome/97.0.4692.99 Safari/537.36"
197.232.61.235 - - [03/Feb/2022:07:08:57 +0000] "GET /assets/fonts/fontawesome-webfont.woff2?v=4.7.0 HTTP/1.1" 304 0 "http://45.195.7.148:13000/assets/css/icons.css" "Mozilla/5.0 (Windows NT 10.0; Win64; x64) AppleWebKit/537.36 (KHTML, like Gecko) Chrome/97.0.4692.99 Safari/537.36"
197.232.61.235 - - [03/Feb/2022:07:08:57 +0000] "GET /assets/fonts/Simple-Line-Icons.woff2?v=2.4.0 HTTP/1.1" 304 0 "http://45.195.7.148:13000/assets/css/icons.css" "Mozilla/5.0 (Windows NT 10.0; Win64; x64) AppleWebKit/537.36 (KHTML, like Gecko) Chrome/97.0.4692.99 Safari/537.36"
197.232.61.235 - - [03/Feb/2022:07:09:00 +0000] "GET /admin/gallery.php HTTP/1.1" 200 1499511 "http://45.195.7.148:13000/admin/dashboard.php" "Mozilla/5.0 (Windows NT 10.0; Win64; x64) AppleWebKit/537.36 (KHTML, like Gecko) Chrome/97.0.4692.99 Safari/537.36"
197.232.61.235 - - [03/Feb/2022:07:09:00 +0000] "GET /assets/js/popper.min.js HTTP/1.1" 304 0 "http://45.195.7.148:13000/admin/gallery.php" "Mozilla/5.0 (Windows NT 10.0; Win64; x64) AppleWebKit/537.36 (KHTML, like Gecko) Chrome/97.0.4692.99 Safari/537.36"
197.232.61.235 - - [03/Feb/2022:07:09:01 +0000] "GET /assets/plugins/simplebar/js/simplebar.js HTTP/1.1" 304 0 "http://45.195.7.148:13000/admin/gallery.php" "Mozilla/5.0 (Windows NT 10.0; Win64; x64) AppleWebKit/537.36 (KHTML, like Gecko) Chrome/97.0.4692.99 Safari/537.36"
197.232.61.235 - - [03/Feb/2022:07:09:01 +0000] "GET /assets/js/sidebar-menu.js HTTP/1.1" 304 0 "http://45.195.7.148:13000/admin/gallery.php" "Mozilla/5.0 (Windows NT 10.0; Win64; x64) AppleWebKit/537.36 (KHTML, like Gecko) Chrome/97.0.4692.99 Safari/537.36"
197.232.61.235 - - [03/Feb/2022:07:09:01 +0000] "GET /assets/js/bootstrap.min.js HTTP/1.1" 304 0 "http://45.195.7.148:13000/admin/gallery.php" "Mozilla/5.0 (Windows NT 10.0; Win64; x64) AppleWebKit/537.36 (KHTML, like Gecko) Chrome/97.0.4692.99 Safari/537.36"
197.232.61.235 - - [03/Feb/2022:07:09:01 +0000] "GET /assets/js/app-script.js HTTP/1.1" 304 0 "http://45.195.7.148:13000/admin/gallery.php" "Mozilla/5.0 (Windows NT 10.0; Win64; x64) AppleWebKit/537.36 (KHTML, like Gecko) Chrome/97.0.4692.99 Safari/537.36"
197.232.61.235 - - [03/Feb/2022:07:09:01 +0000] "GET /assets/images/bg-themes/1.png HTTP/1.1" 304 0 "http://45.195.7.148:13000/assets/css/app-style.css" "Mozilla/5.0 (Windows NT 10.0; Win64; x64) AppleWebKit/537.36 (KHTML, like Gecko) Chrome/97.0.4692.99 Safari/537.36"
197.232.61.235 - - [03/Feb/2022:07:09:01 +0000] "GET /assets/images/bg-themes/2.png HTTP/1.1" 304 0 "http://45.195.7.148:13000/assets/css/app-style.css" "Mozilla/5.0 (Windows NT 10.0; Win64; x64) AppleWebKit/537.36 (KHTML, like Gecko) Chrome/97.0.4692.99 Safari/537.36"
197.232.61.235 - - [03/Feb/2022:07:09:01 +0000] "GET /assets/images/bg-themes/4.png HTTP/1.1" 304 0 "http://45.195.7.148:13000/assets/css/app-style.css" "Mozilla/5.0 (Windows NT 10.0; Win64; x64) AppleWebKit/537.36 (KHTML, like Gecko) Chrome/97.0.4692.99 Safari/537.36"
197.232.61.235 - - [03/Feb/2022:07:09:01 +0000] "GET /assets/images/bg-themes/3.png HTTP/1.1" 304 0 "http://45.195.7.148:13000/assets/css/app-style.css" "Mozilla/5.0 (Windows NT 10.0; Win64; x64) AppleWebKit/537.36 (KHTML, like Gecko) Chrome/97.0.4692.99 Safari/537.36"
197.232.61.235 - - [03/Feb/2022:07:09:01 +0000] "GET /assets/images/bg-themes/5.png HTTP/1.1" 304 0 "http://45.195.7.148:13000/assets/css/app-style.css" "Mozilla/5.0 (Windows NT 10.0; Win64; x64) AppleWebKit/537.36 (KHTML, like Gecko) Chrome/97.0.4692.99 Safari/537.36"
197.232.61.235 - - [03/Feb/2022:07:09:01 +0000] "GET /assets/images/bg-themes/6.png HTTP/1.1" 304 0 "http://45.195.7.148:13000/assets/css/app-style.css" "Mozilla/5.0 (Windows NT 10.0; Win64; x64) AppleWebKit/537.36 (KHTML, like Gecko) Chrome/97.0.4692.99 Safari/537.36"
45.195.7.151 - - [03/Feb/2022:07:09:05 +0000] "POST /teamleaders/techie/new-team.php HTTP/1.1" 200 3910 "http://app.sasakonnect.net:13000/teamleaders/techie/new-team.php" "Mozilla/5.0 (Windows NT 10.0; Win64; x64; rv:96.0) Gecko/20100101 Firefox/96.0"
197.232.61.235 - - [03/Feb/2022:07:09:08 +0000] "GET /admin/img-view.php?clientid=36 HTTP/1.1" 200 1471757 "http://45.195.7.148:13000/admin/gallery.php" "Mozilla/5.0 (Windows NT 10.0; Win64; x64) AppleWebKit/537.36 (KHTML, like Gecko) Chrome/97.0.4692.99 Safari/537.36"
45.195.7.151 - - [03/Feb/2022:07:09:28 +0000] "GET /teamleaders/techie/retrieve.php?techie1=b HTTP/1.1" 200 35 "http://app.sasakonnect.net:13000/teamleaders/techie/new-team.php" "Mozilla/5.0 (Windows NT 10.0; Win64; x64; rv:96.0) Gecko/20100101 Firefox/96.0"
45.195.7.151 - - [03/Feb/2022:07:09:29 +0000] "GET /teamleaders/techie/retrieve.php?techie1=bi HTTP/1.1" 200 35 "http://app.sasakonnect.net:13000/teamleaders/techie/new-team.php" "Mozilla/5.0 (Windows NT 10.0; Win64; x64; rv:96.0) Gecko/20100101 Firefox/96.0"
45.195.7.151 - - [03/Feb/2022:07:09:30 +0000] "GET /teamleaders/techie/retrieve.php?techie1=bil HTTP/1.1" 200 35 "http://app.sasakonnect.net:13000/teamleaders/techie/new-team.php" "Mozilla/5.0 (Windows NT 10.0; Win64; x64; rv:96.0) Gecko/20100101 Firefox/96.0"
45.195.7.151 - - [03/Feb/2022:07:09:30 +0000] "GET /teamleaders/techie/retrieve.php?techie1=bill HTTP/1.1" 200 35 "http://app.sasakonnect.net:13000/teamleaders/techie/new-team.php" "Mozilla/5.0 (Windows NT 10.0; Win64; x64; rv:96.0) Gecko/20100101 Firefox/96.0"
45.195.7.151 - - [03/Feb/2022:07:09:31 +0000] "GET /teamleaders/techie/retrieve.php?techie1=billy HTTP/1.1" 200 59 "http://app.sasakonnect.net:13000/teamleaders/techie/new-team.php" "Mozilla/5.0 (Windows NT 10.0; Win64; x64; rv:96.0) Gecko/20100101 Firefox/96.0"
45.195.7.151 - - [03/Feb/2022:07:09:32 +0000] "GET /teamleaders/techie/retrieve.php?techie1=billy HTTP/1.1" 200 59 "http://app.sasakonnect.net:13000/teamleaders/techie/new-team.php" "Mozilla/5.0 (Windows NT 10.0; Win64; x64; rv:96.0) Gecko/20100101 Firefox/96.0"
45.195.7.151 - - [03/Feb/2022:07:09:33 +0000] "GET /teamleaders/techie/retrieve.php?techie1=billy%20o HTTP/1.1" 200 35 "http://app.sasakonnect.net:13000/teamleaders/techie/new-team.php" "Mozilla/5.0 (Windows NT 10.0; Win64; x64; rv:96.0) Gecko/20100101 Firefox/96.0"
45.195.7.151 - - [03/Feb/2022:07:09:34 +0000] "GET /teamleaders/techie/retrieve.php?techie1=billy%20og HTTP/1.1" 200 35 "http://app.sasakonnect.net:13000/teamleaders/techie/new-team.php" "Mozilla/5.0 (Windows NT 10.0; Win64; x64; rv:96.0) Gecko/20100101 Firefox/96.0"
45.195.7.151 - - [03/Feb/2022:07:09:35 +0000] "GET /teamleaders/techie/retrieve.php?techie1=billy%20ogo HTTP/1.1" 200 35 "http://app.sasakonnect.net:13000/teamleaders/techie/new-team.php" "Mozilla/5.0 (Windows NT 10.0; Win64; x64; rv:96.0) Gecko/20100101 Firefox/96.0"
45.195.7.151 - - [03/Feb/2022:07:09:35 +0000] "GET /teamleaders/techie/retrieve.php?techie1=billy%20ogol HTTP/1.1" 200 35 "http://app.sasakonnect.net:13000/teamleaders/techie/new-team.php" "Mozilla/5.0 (Windows NT 10.0; Win64; x64; rv:96.0) Gecko/20100101 Firefox/96.0"
45.195.7.151 - - [03/Feb/2022:07:09:35 +0000] "GET /teamleaders/techie/retrieve.php?techie1=billy%20ogola HTTP/1.1" 200 35 "http://app.sasakonnect.net:13000/teamleaders/techie/new-team.php" "Mozilla/5.0 (Windows NT 10.0; Win64; x64; rv:96.0) Gecko/20100101 Firefox/96.0"
197.232.61.235 - - [03/Feb/2022:07:09:42 +0000] "GET /assets/plugins/simplebar/css/simplebar.css HTTP/1.1" 304 0 "http://45.195.7.148:13000/admin/gallery.php" "Mozilla/5.0 (Windows NT 10.0; Win64; x64) AppleWebKit/537.36 (KHTML, like Gecko) Chrome/97.0.4692.99 Safari/537.36"
197.232.61.235 - - [03/Feb/2022:07:09:42 +0000] "GET /assets/css/bootstrap.min.css HTTP/1.1" 304 0 "http://45.195.7.148:13000/admin/gallery.php" "Mozilla/5.0 (Windows NT 10.0; Win64; x64) AppleWebKit/537.36 (KHTML, like Gecko) Chrome/97.0.4692.99 Safari/537.36"
197.232.61.235 - - [03/Feb/2022:07:09:42 +0000] "GET /assets/css/animate.css HTTP/1.1" 304 0 "http://45.195.7.148:13000/admin/gallery.php" "Mozilla/5.0 (Windows NT 10.0; Win64; x64) AppleWebKit/537.36 (KHTML, like Gecko) Chrome/97.0.4692.99 Safari/537.36"
197.232.61.235 - - [03/Feb/2022:07:09:42 +0000] "GET /assets/css/icons.css HTTP/1.1" 304 0 "http://45.195.7.148:13000/admin/gallery.php" "Mozilla/5.0 (Windows NT 10.0; Win64; x64) AppleWebKit/537.36 (KHTML, like Gecko) Chrome/97.0.4692.99 Safari/537.36"
197.232.61.235 - - [03/Feb/2022:07:09:42 +0000] "GET /assets/css/app-style.css HTTP/1.1" 304 0 "http://45.195.7.148:13000/admin/gallery.php" "Mozilla/5.0 (Windows NT 10.0; Win64; x64) AppleWebKit/537.36 (KHTML, like Gecko) Chrome/97.0.4692.99 Safari/537.36"
197.232.61.235 - - [03/Feb/2022:07:09:42 +0000] "GET /assets/css/sidebar-menu.css HTTP/1.1" 304 0 "http://45.195.7.148:13000/admin/gallery.php" "Mozilla/5.0 (Windows NT 10.0; Win64; x64) AppleWebKit/537.36 (KHTML, like Gecko) Chrome/97.0.4692.99 Safari/537.36"
197.232.61.235 - - [03/Feb/2022:07:09:42 +0000] "GET /assets/logo.png HTTP/1.1" 304 0 "http://45.195.7.148:13000/admin/gallery.php" "Mozilla/5.0 (Windows NT 10.0; Win64; x64) AppleWebKit/537.36 (KHTML, like Gecko) Chrome/97.0.4692.99 Safari/537.36"
197.232.61.235 - - [03/Feb/2022:07:09:42 +0000] "GET /assets/fonts/fontawesome-webfont.woff2?v=4.7.0 HTTP/1.1" 304 0 "http://45.195.7.148:13000/assets/css/icons.css" "Mozilla/5.0 (Windows NT 10.0; Win64; x64) AppleWebKit/537.36 (KHTML, like Gecko) Chrome/97.0.4692.99 Safari/537.36"
197.232.61.235 - - [03/Feb/2022:07:09:42 +0000] "GET /assets/fonts/Material-Design-Iconic-Font.woff2?v=2.2.0 HTTP/1.1" 304 0 "http://45.195.7.148:13000/assets/css/icons.css" "Mozilla/5.0 (Windows NT 10.0; Win64; x64) AppleWebKit/537.36 (KHTML, like Gecko) Chrome/97.0.4692.99 Safari/537.36"
197.232.61.235 - - [03/Feb/2022:07:09:42 +0000] "GET /assets/fonts/Simple-Line-Icons.woff2?v=2.4.0 HTTP/1.1" 304 0 "http://45.195.7.148:13000/assets/css/icons.css" "Mozilla/5.0 (Windows NT 10.0; Win64; x64) AppleWebKit/537.36 (KHTML, like Gecko) Chrome/97.0.4692.99 Safari/537.36"
197.232.61.235 - - [03/Feb/2022:07:09:45 +0000] "GET /admin/gallery.php HTTP/1.1" 200 1499495 "http://45.195.7.148:13000/admin/img-view.php?clientid=36" "Mozilla/5.0 (Windows NT 10.0; Win64; x64) AppleWebKit/537.36 (KHTML, like Gecko) Chrome/97.0.4692.99 Safari/537.36"
197.232.61.235 - - [03/Feb/2022:07:09:45 +0000] "GET /assets/js/popper.min.js HTTP/1.1" 304 0 "http://45.195.7.148:13000/admin/gallery.php" "Mozilla/5.0 (Windows NT 10.0; Win64; x64) AppleWebKit/537.36 (KHTML, like Gecko) Chrome/97.0.4692.99 Safari/537.36"
197.232.61.235 - - [03/Feb/2022:07:09:45 +0000] "GET /assets/plugins/simplebar/js/simplebar.js HTTP/1.1" 304 0 "http://45.195.7.148:13000/admin/gallery.php" "Mozilla/5.0 (Windows NT 10.0; Win64; x64) AppleWebKit/537.36 (KHTML, like Gecko) Chrome/97.0.4692.99 Safari/537.36"
197.232.61.235 - - [03/Feb/2022:07:09:45 +0000] "GET /assets/js/bootstrap.min.js HTTP/1.1" 304 0 "http://45.195.7.148:13000/admin/gallery.php" "Mozilla/5.0 (Windows NT 10.0; Win64; x64) AppleWebKit/537.36 (KHTML, like Gecko) Chrome/97.0.4692.99 Safari/537.36"
197.232.61.235 - - [03/Feb/2022:07:09:45 +0000] "GET /assets/images/bg-themes/2.png HTTP/1.1" 304 0 "http://45.195.7.148:13000/assets/css/app-style.css" "Mozilla/5.0 (Windows NT 10.0; Win64; x64) AppleWebKit/537.36 (KHTML, like Gecko) Chrome/97.0.4692.99 Safari/537.36"
197.232.61.235 - - [03/Feb/2022:07:09:45 +0000] "GET /assets/images/bg-themes/1.png HTTP/1.1" 304 0 "http://45.195.7.148:13000/assets/css/app-style.css" "Mozilla/5.0 (Windows NT 10.0; Win64; x64) AppleWebKit/537.36 (KHTML, like Gecko) Chrome/97.0.4692.99 Safari/537.36"
197.232.61.235 - - [03/Feb/2022:07:09:45 +0000] "GET /assets/js/app-script.js HTTP/1.1" 304 0 "http://45.195.7.148:13000/admin/gallery.php" "Mozilla/5.0 (Windows NT 10.0; Win64; x64) AppleWebKit/537.36 (KHTML, like Gecko) Chrome/97.0.4692.99 Safari/537.36"
197.232.61.235 - - [03/Feb/2022:07:09:45 +0000] "GET /assets/js/sidebar-menu.js HTTP/1.1" 304 0 "http://45.195.7.148:13000/admin/gallery.php" "Mozilla/5.0 (Windows NT 10.0; Win64; x64) AppleWebKit/537.36 (KHTML, like Gecko) Chrome/97.0.4692.99 Safari/537.36"
197.232.61.235 - - [03/Feb/2022:07:09:45 +0000] "GET /assets/images/bg-themes/4.png HTTP/1.1" 304 0 "http://45.195.7.148:13000/assets/css/app-style.css" "Mozilla/5.0 (Windows NT 10.0; Win64; x64) AppleWebKit/537.36 (KHTML, like Gecko) Chrome/97.0.4692.99 Safari/537.36"
197.232.61.235 - - [03/Feb/2022:07:09:45 +0000] "GET /assets/images/bg-themes/3.png HTTP/1.1" 304 0 "http://45.195.7.148:13000/assets/css/app-style.css" "Mozilla/5.0 (Windows NT 10.0; Win64; x64) AppleWebKit/537.36 (KHTML, like Gecko) Chrome/97.0.4692.99 Safari/537.36"
197.232.61.235 - - [03/Feb/2022:07:09:45 +0000] "GET /assets/images/bg-themes/5.png HTTP/1.1" 304 0 "http://45.195.7.148:13000/assets/css/app-style.css" "Mozilla/5.0 (Windows NT 10.0; Win64; x64) AppleWebKit/537.36 (KHTML, like Gecko) Chrome/97.0.4692.99 Safari/537.36"
197.232.61.235 - - [03/Feb/2022:07:09:45 +0000] "GET /assets/images/bg-themes/6.png HTTP/1.1" 304 0 "http://45.195.7.148:13000/assets/css/app-style.css" "Mozilla/5.0 (Windows NT 10.0; Win64; x64) AppleWebKit/537.36 (KHTML, like Gecko) Chrome/97.0.4692.99 Safari/537.36"
45.195.7.151 - - [03/Feb/2022:07:10:03 +0000] "GET /teamleaders/techie/retriev.php?techie2=SamuelKihara HTTP/1.1" 200 35 "http://app.sasakonnect.net:13000/teamleaders/techie/new-team.php" "Mozilla/5.0 (Windows NT 10.0; Win64; x64; rv:96.0) Gecko/20100101 Firefox/96.0"
45.195.7.151 - - [03/Feb/2022:07:10:03 +0000] "GET /teamleaders/techie/retriev.php?techie2=SamuelKihara HTTP/1.1" 200 35 "http://app.sasakonnect.net:13000/teamleaders/techie/new-team.php" "Mozilla/5.0 (Windows NT 10.0; Win64; x64; rv:96.0) Gecko/20100101 Firefox/96.0"
45.195.7.151 - - [03/Feb/2022:07:10:15 +0000] "POST /teamleaders/techie/new-team.php HTTP/1.1" 200 3940 "http://app.sasakonnect.net:13000/teamleaders/techie/new-team.php" "Mozilla/5.0 (Windows NT 10.0; Win64; x64; rv:96.0) Gecko/20100101 Firefox/96.0"
